EN reloj NULL E:/Users/Usuario/GitHub/Diseno_digital/Proyecto2/Reloj.vhd sub00/vhpl12 1606111549
AR cont_min_u behavioral E:/Users/Usuario/GitHub/Diseno_digital/Proyecto2/Cont_Min_U.vhd sub00/vhpl03 1606010013
AR cont_min_d behavioral E:/Users/Usuario/GitHub/Diseno_digital/Proyecto2/Cont_Min_D.vhd sub00/vhpl05 1606010164
EN cont_hrs_d NULL E:/Users/Usuario/GitHub/Diseno_digital/Proyecto2/Cont_Hrs_D.vhd sub00/vhpl00 1606011466
AR cont_hrs_d_2 behavioral E:/Users/Usuario/GitHub/Diseno_digital/Proyecto2/Cont_Hrs_D.vhd sub00/vhpl11 1606011536
EN cont_hrs_u NULL E:/Users/Usuario/GitHub/Diseno_digital/Proyecto2/Cont_Hrs_u.vhd sub00/vhpl06 1606010232
AR reloj behavioral E:/Users/Usuario/GitHub/Diseno_digital/Proyecto2/Reloj.vhd sub00/vhpl13 1606111550
AR cont_hrs_d_3 behavioral E:/Users/Usuario/GitHub/Diseno_digital/Proyecto2/Cont_Hrs_D.vhd sub00/vhpl09 1606010862
AR cont_hrs_u behavioral E:/Users/Usuario/GitHub/Diseno_digital/Proyecto2/Cont_Hrs_u.vhd sub00/vhpl07 1606010233
AR cont_hrs_d behavioral E:/Users/Usuario/GitHub/Diseno_digital/Proyecto2/Cont_Hrs_D.vhd sub00/vhpl01 1606011467
EN cont_hrs_d_2 NULL E:/Users/Usuario/GitHub/Diseno_digital/Proyecto2/Cont_Hrs_D.vhd sub00/vhpl10 1606011535
EN cont_hrs_d_3 NULL E:/Users/Usuario/GitHub/Diseno_digital/Proyecto2/Cont_Hrs_D.vhd sub00/vhpl08 1606010861
EN cont_min_d NULL E:/Users/Usuario/GitHub/Diseno_digital/Proyecto2/Cont_Min_D.vhd sub00/vhpl04 1606010163
EN cont_min_u NULL E:/Users/Usuario/GitHub/Diseno_digital/Proyecto2/Cont_Min_U.vhd sub00/vhpl02 1606010012
