EN reloj NULL E:/Users/Usuario/GitHub/Diseno_digital/Proyecto2_parte3/Reloj.vhd sub00/vhpl00 1606111677
EN alarma NULL E:/Users/Usuario/GitHub/Diseno_digital/Proyecto2_parte3/Alarma.vhd sub00/vhpl04 1606182280
EN contador_reloj NULL E:/Users/Usuario/GitHub/Diseno_digital/Proyecto2_parte3/Contador_reloj.vhd sub00/vhpl02 1606180214
AR contador_reloj behavioral E:/Users/Usuario/GitHub/Diseno_digital/Proyecto2_parte3/Contador_reloj.vhd sub00/vhpl03 1606180215
AR alarma behavioral E:/Users/Usuario/GitHub/Diseno_digital/Proyecto2_parte3/Alarma.vhd sub00/vhpl05 1606182281
AR reloj behavioral E:/Users/Usuario/GitHub/Diseno_digital/Proyecto2_parte3/Reloj.vhd sub00/vhpl01 1606111678
