V3 3
FL C:/Users/kevin/Documents/lab/Practica8/codigo.vhd 2020/10/26.18:55:30 P.20131013
EN work/codigo 1603760154 FL C:/Users/kevin/Documents/lab/Practica8/codigo.vhd \
      PB ieee/std_logic_1164 1381692176
AR work/codigo/Behavioral 1603760155 \
      FL C:/Users/kevin/Documents/lab/Practica8/codigo.vhd EN work/codigo 1603760154
