V3 3
FL E:/Users/Usuario/GitHub/Diseno_digital/lab6_A/programacion.vhd 2020/10/12.22:55:41 P.20131013
EN work/programacion 1602561344 \
      FL E:/Users/Usuario/GitHub/Diseno_digital/lab6_A/programacion.vhd \
      PB ieee/std_logic_1164 1381692176
AR work/programacion/Behavioral 1602561345 \
      FL E:/Users/Usuario/GitHub/Diseno_digital/lab6_A/programacion.vhd \
      EN work/programacion 1602561344
