V3 13
FL E:/Users/Usuario/GitHub/Diseno_digital/Proyecto2_Parte2/contador.vhd 2020/11/18.21:50:35 P.20131013
EN work/contador_updown 1605757841 \
      FL E:/Users/Usuario/GitHub/Diseno_digital/Proyecto2_Parte2/contador.vhd \
      PB ieee/std_logic_1164 1381692176 PB ieee/NUMERIC_STD 1381692181
AR work/contador_updown/rtl 1605757842 \
      FL E:/Users/Usuario/GitHub/Diseno_digital/Proyecto2_Parte2/contador.vhd \
      EN work/contador_updown 1605757841
EN work/test 1605757843 \
      FL E:/Users/Usuario/GitHub/Diseno_digital/Proyecto2_Parte2/contador.vhd \
      PB ieee/std_logic_1164 1381692176
AR work/test/prueba 1605757844 \
      FL E:/Users/Usuario/GitHub/Diseno_digital/Proyecto2_Parte2/contador.vhd \
      EN work/test 1605757843 AR work/contador_updown/rtl 1605757842
FL E:/Users/Usuario/GitHub/Diseno_digital/Proyecto2_Parte2/CONTADOR_0_TO_9.vhd 2020/11/19.23:30:22 P.20131013
EN work/CONTADOR_0_TO_9 1605850230 \
      FL E:/Users/Usuario/GitHub/Diseno_digital/Proyecto2_Parte2/CONTADOR_0_TO_9.vhd \
      PB ieee/std_logic_1164 1381692176
AR work/CONTADOR_0_TO_9/Behavioral 1605850231 \
      FL E:/Users/Usuario/GitHub/Diseno_digital/Proyecto2_Parte2/CONTADOR_0_TO_9.vhd \
      EN work/CONTADOR_0_TO_9 1605850230
FL E:/Users/Usuario/GitHub/Diseno_digital/Proyecto2_Parte2/Esquematica.vhf 2020/11/19.23:15:55 P.20131013
EN work/Esquematica 0 \
      FL E:/Users/Usuario/GitHub/Diseno_digital/Proyecto2_Parte2/Esquematica.vhf \
      PB ieee/std_logic_1164 1381692176 PB ieee/NUMERIC_STD 1381692181 LB UNISIM \
      PH unisim/VCOMPONENTS 1381692182
AR work/Esquematica/BEHAVIORAL 0 \
      FL E:/Users/Usuario/GitHub/Diseno_digital/Proyecto2_Parte2/Esquematica.vhf \
      EN work/Esquematica 0 CP CONTADOR_0_TO_9
