AR lab_3 behavioral E:/Users/Usuario/GitHub/Diseno_digital/lab3/lab_3.vhd sub00/vhpl01 1602559472
AR esquema behavioral E:/Users/Usuario/GitHub/Diseno_digital/lab3/esquema.vhf sub00/vhpl03 1602559474
EN esquema NULL E:/Users/Usuario/GitHub/Diseno_digital/lab3/esquema.vhf sub00/vhpl02 1602559473
EN lab_3 NULL E:/Users/Usuario/GitHub/Diseno_digital/lab3/lab_3.vhd sub00/vhpl00 1602559471
